#-----------------------------------------------------------
# Vivado v2019.1 (64-bit)
# SW Build 2552052 on Fri May 24 14:49:42 MDT 2019
# IP Build 2548770 on Fri May 24 18:01:18 MDT 2019
# Start of session at: Mon Feb 27 13:16:46 2023
# Process ID: 12164
# Current directory: E:/ITMO/1-1/Architecture and hardware description languages/activecore/activecore-master/designs/rtl/udm/syn/NEXYS4_DDR
# Command line: vivado.exe -gui_launcher_event rodinguilauncherevent17172 E:\ITMO\1-1\Architecture and hardware description languages\activecore\activecore-master\designs\rtl\udm\syn\NEXYS4_DDR\NEXYS4_DDR.xpr
# Log file: E:/ITMO/1-1/Architecture and hardware description languages/activecore/activecore-master/designs/rtl/udm/syn/NEXYS4_DDR/vivado.log
# Journal file: E:/ITMO/1-1/Architecture and hardware description languages/activecore/activecore-master/designs/rtl/udm/syn/NEXYS4_DDR\vivado.jou
#-----------------------------------------------------------
start_gui
open_project {E:/ITMO/1-1/Architecture and hardware description languages/activecore/activecore-master/designs/rtl/udm/syn/NEXYS4_DDR/NEXYS4_DDR.xpr}
open_run impl_1
