#-----------------------------------------------------------
# Vivado v2019.1 (64-bit)
# SW Build 2552052 on Fri May 24 14:49:42 MDT 2019
# IP Build 2548770 on Fri May 24 18:01:18 MDT 2019
# Start of session at: Thu Sep  7 17:19:17 2023
# Process ID: 27516
# Current directory: E:/ITMO/Vivado/activecore/activecore-master/designs/rtl/sigma/syn/syn_1stage/NEXYS4_DDR
# Command line: vivado.exe -gui_launcher_event rodinguilauncherevent27892 E:\ITMO\Vivado\activecore\activecore-master\designs\rtl\sigma\syn\syn_1stage\NEXYS4_DDR\NEXYS4_DDR.xpr
# Log file: E:/ITMO/Vivado/activecore/activecore-master/designs/rtl/sigma/syn/syn_1stage/NEXYS4_DDR/vivado.log
# Journal file: E:/ITMO/Vivado/activecore/activecore-master/designs/rtl/sigma/syn/syn_1stage/NEXYS4_DDR\vivado.jou
#-----------------------------------------------------------
start_gui
open_project E:/ITMO/Vivado/activecore/activecore-master/designs/rtl/sigma/syn/syn_1stage/NEXYS4_DDR/NEXYS4_DDR.xpr
update_compile_order -fileset sources_1
launch_runs synth_1 -jobs 8
wait_on_run synth_1
add_files -norecurse E:/ITMO/Vivado/activecore/activecore-master/designs/rtl/sigma_tile/hw/coregen/riscv_1stage/sverilog/riscv_1stage.svh
update_compile_order -fileset sources_1
